Compiling module Let_bindings to MLIR
// high-level MLIR
module {
  llvm.mlir.global @camlLet_bindings__gc_roots() {addr_space = 0 : i32} : i64 {
    %0 = llvm.mlir.constant(0 : i64) : i64
    llvm.return %0 : i64
  }
  llvm.mlir.global @camlLet_bindings__data_begin() {addr_space = 0 : i32} : i64 {
    %0 = llvm.mlir.constant(0 : i64) : i64
    llvm.return %0 : i64
  }
  llvm.mlir.global @camlLet_bindings__data_end() {addr_space = 0 : i32} : i64 {
    %0 = llvm.mlir.constant(0 : i64) : i64
    llvm.return %0 : i64
  }
  llvm.mlir.global @camlLet_bindings__code_begin() {addr_space = 0 : i32} : i64 {
    %0 = llvm.mlir.constant(0 : i64) : i64
    llvm.return %0 : i64
  }
  llvm.mlir.global @camlLet_bindings__code_end() {addr_space = 0 : i32} : i64 {
    %0 = llvm.mlir.constant(0 : i64) : i64
    llvm.return %0 : i64
  }
  llvm.mlir.global @camlLet_bindings__frametable() {addr_space = 0 : i32} : i64 {
    %0 = llvm.mlir.constant(0 : i64) : i64
    llvm.return %0 : i64
  }
  func.func @camlLet_bindings__entry() -> i64 {
    %v0 = ocaml.constant 10
    %v1 = ocaml.constant 20
    %v2 = ocaml.cmpi slt, %v0, %v1 : i64
    %v3 = ocaml.constant 1
    %v4 = ocaml.constant 2
    %v5 = ocaml.addi %v3, %v4 : i64
    %v6 = ocaml.constant 5
    %v7 = ocaml.muli %v6, %v6 : i64
    %v8 = ocaml.constant 1
    %v9 = ocaml.addi %v0, %v8 : i64
    %v10 = ocaml.constant 11
    %v11 = ocaml.cmpi eq, %v9, %v10 : i64
    %v12 = ocaml.constant 0
    func.return %v12 : i64
  }
}
Generated object file: oxcaml/tests/backend/mlirize/let_bindings.o
